
===== K_liu =====
[K_liu] dt=0.001 n=999 rank=997  negative-count(<-1e-08) = 1  (elapsed 12.1s)
[K_liu] dt=0.001  most negative 5: [-2.27834946e+00 -1.21269131e-14 -1.12323933e-14 -1.09592999e-14
 -1.09411894e-14]
[K_liu] dt=0.001  k-th (last negative, idx=0) = -2.278349e+00
[K_liu] dt=0.001  (k+1)-th (first non-negative, idx=1) = -1.212691e-14
    eig=-2.278349e+00  concentrates near x~[0.001, 0.002, 0.003, 0.004, 0.005, 0.006, 0.007, 0.008, 0.009000000000000001, 0.010000000000000002]
[K_liu] dt=0.0005 n=1999 rank=1997  negative-count(<-1e-08) = 1  (elapsed 44.5s)
[K_liu] dt=0.0005  most negative 5: [-4.58309315e+00 -1.96806894e-14 -1.83972096e-14 -1.80194015e-14
 -1.78494089e-14]
[K_liu] dt=0.0005  k-th (last negative, idx=0) = -4.583093e+00
[K_liu] dt=0.0005  (k+1)-th (first non-negative, idx=1) = -1.968069e-14
    eig=-4.583093e+00  concentrates near x~[0.0005, 0.001, 0.0015, 0.002, 0.0025, 0.003, 0.0035, 0.004, 0.0045000000000000005, 0.005000000000000001]

===== f_ideal =====
[f_ideal] dt=0.001 n=999 rank=997  negative-count(<-1e-08) = 2  (elapsed 9.5s)
[f_ideal] dt=0.001  most negative 5: [-1.43168990e+01 -6.40980997e-04 -1.02016662e-10 -8.96824059e-15
 -5.66393550e-15]
[f_ideal] dt=0.001  k-th (last negative, idx=1) = -6.409810e-04
[f_ideal] dt=0.001  (k+1)-th (first non-negative, idx=2) = -1.020167e-10
    eig=-1.431690e+01  concentrates near x~[0.001, 0.002, 0.003, 0.004, 0.005, 0.006, 0.007, 0.008, 0.009000000000000001, 0.010000000000000002]
    eig=-6.409810e-04  concentrates near x~[0.6960000000000001, 0.6970000000000001, 0.6980000000000001, 0.6990000000000001, 0.7000000000000001, 0.7010000000000001, 0.7020000000000001, 0.7030000000000001, 0.7040000000000001, 0.705]
[f_ideal] dt=0.0005 n=1999 rank=1997  negative-count(<-1e-08) = 2  (elapsed 48.1s)
[f_ideal] dt=0.0005  most negative 5: [-2.87174930e+01 -1.28291407e-03 -1.97136824e-10 -1.37601823e-14
 -6.55545705e-16]
[f_ideal] dt=0.0005  k-th (last negative, idx=1) = -1.282914e-03
[f_ideal] dt=0.0005  (k+1)-th (first non-negative, idx=2) = -1.971368e-10
    eig=-2.871749e+01  concentrates near x~[0.0005, 0.001, 0.0015, 0.002, 0.0025, 0.003, 0.0035, 0.004, 0.0045000000000000005, 0.005000000000000001]
    eig=-1.282914e-03  concentrates near x~[0.6995, 0.7, 0.7005, 0.701, 0.7015, 0.702, 0.7025, 0.703, 0.7035, 0.704]

===== K_new =====
[K_new] dt=0.001 n=999 rank=997  negative-count(<-1e-08) = 500  (elapsed 15.5s)
[K_new] dt=0.001  most negative 5: [-20.16885003  -6.43555752  -3.22823861  -1.85046447  -1.21802132]
[K_new] dt=0.001  k-th (last negative, idx=499) = -4.771668e-08
[K_new] dt=0.001  (k+1)-th (first non-negative, idx=500) = -2.522481e-15
    eig=-2.016885e+01  concentrates near x~[0.001, 0.002, 0.003, 0.004, 0.005, 0.006, 0.007, 0.008, 0.009000000000000001, 0.010000000000000002]
    eig=-6.435558e+00  concentrates near x~[0.001, 0.002, 0.003, 0.004, 0.005, 0.006, 0.007, 0.008, 0.009000000000000001, 0.010000000000000002]
    eig=-3.228239e+00  concentrates near x~[0.001, 0.002, 0.003, 0.004, 0.005, 0.006, 0.007, 0.008, 0.009000000000000001, 0.010000000000000002]
    eig=-1.850464e+00  concentrates near x~[0.001, 0.002, 0.003, 0.004, 0.005, 0.006, 0.007, 0.008, 0.009000000000000001, 0.010000000000000002]
    eig=-1.218021e+00  concentrates near x~[0.001, 0.002, 0.003, 0.004, 0.005, 0.006, 0.007, 0.055, 0.056, 0.057]
    eig=-8.534583e-01  concentrates near x~[0.001, 0.002, 0.003, 0.004, 0.005, 0.006, 0.044000000000000004, 0.045, 0.046, 0.047]
    eig=-6.291219e-01  concentrates near x~[0.001, 0.002, 0.003, 0.004, 0.005, 0.036000000000000004, 0.037000000000000005, 0.038, 0.039, 0.04]
    eig=-4.844886e-01  concentrates near x~[0.001, 0.002, 0.003, 0.004, 0.031, 0.032, 0.033, 0.034, 0.035, 0.036000000000000004]
    eig=-3.819731e-01  concentrates near x~[0.001, 0.002, 0.003, 0.004, 0.027000000000000003, 0.028, 0.029, 0.030000000000000002, 0.031, 0.032]
    eig=-3.105673e-01  concentrates near x~[0.001, 0.002, 0.003, 0.004, 0.023, 0.024, 0.025, 0.026000000000000002, 0.027000000000000003, 0.028]
    eig=-2.559021e-01  concentrates near x~[0.001, 0.002, 0.003, 0.021, 0.022000000000000002, 0.023, 0.024, 0.025, 0.026000000000000002, 0.051000000000000004]
    eig=-2.155668e-01  concentrates near x~[0.001, 0.002, 0.003, 0.019000000000000003, 0.02, 0.021, 0.022000000000000002, 0.023, 0.046, 0.047]
    eig=-1.831788e-01  concentrates near x~[0.001, 0.002, 0.003, 0.017, 0.018000000000000002, 0.019000000000000003, 0.02, 0.021, 0.042, 0.043000000000000003]
    eig=-1.582211e-01  concentrates near x~[0.001, 0.002, 0.003, 0.016, 0.017, 0.018000000000000002, 0.019000000000000003, 0.02, 0.038, 0.039]
    eig=-1.375167e-01  concentrates near x~[0.001, 0.002, 0.015, 0.016, 0.017, 0.018000000000000002, 0.019000000000000003, 0.035, 0.036000000000000004, 0.037000000000000005]
    ... (485 more negative eigenvalues not individually described)
[K_new] dt=0.0005 n=1999 rank=1997  negative-count(<-1e-08) = 999  (elapsed 58.4s)
[K_new] dt=0.0005  most negative 5: [-40.41380022 -12.89366175  -6.4696061   -3.7080965   -2.44105188]
[K_new] dt=0.0005  k-th (last negative, idx=998) = -7.272890e-07
[K_new] dt=0.0005  (k+1)-th (first non-negative, idx=999) = -4.928264e-11
    eig=-4.041380e+01  concentrates near x~[0.0005, 0.001, 0.0015, 0.002, 0.0025, 0.003, 0.0035, 0.004, 0.0045000000000000005, 0.005000000000000001]
    eig=-1.289366e+01  concentrates near x~[0.0005, 0.001, 0.0015, 0.002, 0.0025, 0.003, 0.0035, 0.004, 0.0045000000000000005, 0.005000000000000001]
    eig=-6.469606e+00  concentrates near x~[0.0005, 0.001, 0.0015, 0.002, 0.0025, 0.003, 0.0035, 0.004, 0.0045000000000000005, 0.005000000000000001]
    eig=-3.708096e+00  concentrates near x~[0.0005, 0.001, 0.0015, 0.002, 0.0025, 0.003, 0.0035, 0.004, 0.0045000000000000005, 0.005000000000000001]
    eig=-2.441052e+00  concentrates near x~[0.0005, 0.001, 0.0015, 0.002, 0.0025, 0.003, 0.0035, 0.004, 0.0045000000000000005, 0.005000000000000001]
    eig=-1.710358e+00  concentrates near x~[0.0005, 0.001, 0.0015, 0.002, 0.0025, 0.003, 0.0035, 0.004, 0.0045000000000000005, 0.005000000000000001]
    eig=-1.260804e+00  concentrates near x~[0.0005, 0.001, 0.0015, 0.002, 0.0025, 0.003, 0.0035, 0.004, 0.0045000000000000005, 0.005000000000000001]
    eig=-9.709082e-01  concentrates near x~[0.0005, 0.001, 0.0015, 0.002, 0.0025, 0.003, 0.0035, 0.004, 0.0325, 0.033]
    eig=-7.654390e-01  concentrates near x~[0.0005, 0.001, 0.0015, 0.002, 0.0025, 0.003, 0.0035, 0.0285, 0.029, 0.029500000000000002]
    eig=-6.223080e-01  concentrates near x~[0.0005, 0.001, 0.0015, 0.002, 0.0025, 0.003, 0.0245, 0.025, 0.025500000000000002, 0.026000000000000002]
    eig=-5.127286e-01  concentrates near x~[0.0005, 0.001, 0.0015, 0.002, 0.0025, 0.003, 0.0225, 0.023, 0.0235, 0.024]
    eig=-4.318677e-01  concentrates near x~[0.0005, 0.001, 0.0015, 0.002, 0.0025, 0.02, 0.0205, 0.021, 0.021500000000000002, 0.022000000000000002]
    eig=-3.669322e-01  concentrates near x~[0.0005, 0.001, 0.0015, 0.002, 0.0025, 0.018000000000000002, 0.018500000000000003, 0.019, 0.0195, 0.02]
    eig=-3.168906e-01  concentrates near x~[0.0005, 0.001, 0.0015, 0.002, 0.0165, 0.017, 0.0175, 0.018000000000000002, 0.018500000000000003, 0.019]
    eig=-2.753693e-01  concentrates near x~[0.0005, 0.001, 0.0015, 0.002, 0.015000000000000001, 0.0155, 0.016, 0.0165, 0.017, 0.0175]
    ... (984 more negative eigenvalues not individually described)

===== K_new: reprojection with negative eigen-directions added as constraints =====
[K_new verify] dt=0.001 k=500  after adding 500 extra constraints: remaining negative count(<-1e-8) = 0
    smallest 5 after reprojection: [-5.23130646e-15 -4.93876348e-15 -4.63894822e-15 -4.59824859e-15
 -4.54818736e-15]
[K_new verify] dt=0.0005 k=999  after adding 999 extra constraints: remaining negative count(<-1e-8) = 0
    smallest 5 after reprojection: [-4.92767198e-11 -8.82561207e-15 -8.75981873e-15 -8.68447411e-15
 -8.57900626e-15]

DONE [297.9s]
